// Jest Snapshot v1, https://goo.gl/fbAQLP

exports[`unit tests should render 1`] = `
<div
  id="occupants"
>
  <div
    id="adults"
  >
    <div
      className="occupant-tracker"
    >
      <div
        className="occupant-type"
      >
        <h2
          className="occupant"
        >
          Adults
        </h2>
      </div>
      <div
        className="occupant-adjustor"
      >
        <button
          className="decrement"
          id="decrease-adults"
          onClick={[Function]}
          type="button"
        >
          -
        </button>
        <h2
          className="tally"
        />
        <button
          className="increment"
          id="increase-adults"
          onClick={[Function]}
          type="button"
        >
          +
        </button>
      </div>
    </div>
  </div>
  <div
    id="children"
  >
    <div
      className="occupant-tracker"
    >
      <div
        className="occupant-type"
      >
        <p
          className="occupant bold"
        >
          Children
        </p>
        <p>
          age 2 - 12
        </p>
      </div>
      <div
        className="occupant-adjustor"
      >
        <button
          className="decrement"
          id="decrease-children"
          onClick={[Function]}
          type="button"
        >
          -
        </button>
        <h2
          className="tally"
        />
        <button
          className="increment"
          id="increase-children"
          onClick={[Function]}
          type="button"
        >
          +
        </button>
      </div>
    </div>
  </div>
  <div
    id="infants"
  >
    <div
      className="occupant-tracker"
    >
      <div
        className="occupant-type"
      >
        <p
          className="occupant bold"
        >
          Infants
        </p>
        <p>
          under age 2
        </p>
      </div>
      <div
        className="occupant-type"
      >
        <button
          className="decrement"
          id="decrease-infants"
          onClick={[Function]}
          type="button"
        >
          -
        </button>
        <h2
          className="tally"
        />
        <button
          className="increment"
          id="increase-infants"
          onClick={[Function]}
          type="button"
        >
          +
        </button>
      </div>
    </div>
  </div>
</div>
`;
